// Jest Snapshot v1, https://goo.gl/fbAQLP

exports[`MenuButton Rendering should match to snapshot 1`] = `
<TouchableOpacity
  activeOpacity={0.2}
  style={
    Object {
      "position": "absolute",
      "right": 15,
      "top": 0,
      "zIndex": 3,
    }
  }
>
  <Icon
    allowFontScaling={false}
    color="white"
    name="md-menu"
    size={50}
    style={
      Object {
        "elevation": 1,
        "marginTop": -5,
        "shadowColor": "black",
        "shadowOffset": Object {
          "height": 1,
          "width": 1,
        },
        "shadowOpacity": 1,
        "shadowRadius": 1,
        "textShadowOffset": Object {
          "height": 1,
          "width": 1,
        },
        "textShadowRadius": 1,
      }
    }
  />
</TouchableOpacity>
`;
